Archive member included to satisfy reference by file (symbol)

c:/ac6/systemworkbench/plugins/fr.ac6.mcu.externaltools.arm-none.win32_1.17.0.201812190825/tools/compiler/bin/../lib/gcc/arm-none-eabi/7.3.1/../../../../arm-none-eabi/lib/thumb/v7-m\libc_nano.a(lib_a-errno.o)
                              Src/syscalls.o (__errno)
c:/ac6/systemworkbench/plugins/fr.ac6.mcu.externaltools.arm-none.win32_1.17.0.201812190825/tools/compiler/bin/../lib/gcc/arm-none-eabi/7.3.1/../../../../arm-none-eabi/lib/thumb/v7-m\libc_nano.a(lib_a-exit.o)
                              c:/ac6/systemworkbench/plugins/fr.ac6.mcu.externaltools.arm-none.win32_1.17.0.201812190825/tools/compiler/bin/../lib/gcc/arm-none-eabi/7.3.1/../../../../arm-none-eabi/lib/thumb/v7-m/crt0.o (exit)
c:/ac6/systemworkbench/plugins/fr.ac6.mcu.externaltools.arm-none.win32_1.17.0.201812190825/tools/compiler/bin/../lib/gcc/arm-none-eabi/7.3.1/../../../../arm-none-eabi/lib/thumb/v7-m\libc_nano.a(lib_a-impure.o)
                              c:/ac6/systemworkbench/plugins/fr.ac6.mcu.externaltools.arm-none.win32_1.17.0.201812190825/tools/compiler/bin/../lib/gcc/arm-none-eabi/7.3.1/../../../../arm-none-eabi/lib/thumb/v7-m\libc_nano.a(lib_a-exit.o) (_global_impure_ptr)
c:/ac6/systemworkbench/plugins/fr.ac6.mcu.externaltools.arm-none.win32_1.17.0.201812190825/tools/compiler/bin/../lib/gcc/arm-none-eabi/7.3.1/../../../../arm-none-eabi/lib/thumb/v7-m\libc_nano.a(lib_a-init.o)
                              c:/ac6/systemworkbench/plugins/fr.ac6.mcu.externaltools.arm-none.win32_1.17.0.201812190825/tools/compiler/bin/../lib/gcc/arm-none-eabi/7.3.1/../../../../arm-none-eabi/lib/thumb/v7-m/crt0.o (__libc_init_array)
c:/ac6/systemworkbench/plugins/fr.ac6.mcu.externaltools.arm-none.win32_1.17.0.201812190825/tools/compiler/bin/../lib/gcc/arm-none-eabi/7.3.1/../../../../arm-none-eabi/lib/thumb/v7-m\libc_nano.a(lib_a-memset.o)
                              c:/ac6/systemworkbench/plugins/fr.ac6.mcu.externaltools.arm-none.win32_1.17.0.201812190825/tools/compiler/bin/../lib/gcc/arm-none-eabi/7.3.1/../../../../arm-none-eabi/lib/thumb/v7-m/crt0.o (memset)
c:/ac6/systemworkbench/plugins/fr.ac6.mcu.externaltools.arm-none.win32_1.17.0.201812190825/tools/compiler/bin/../lib/gcc/arm-none-eabi/7.3.1/../../../../arm-none-eabi/lib/thumb/v7-m\libc_nano.a(lib_a-sprintf.o)
                              Src/main.o (sprintf)
c:/ac6/systemworkbench/plugins/fr.ac6.mcu.externaltools.arm-none.win32_1.17.0.201812190825/tools/compiler/bin/../lib/gcc/arm-none-eabi/7.3.1/../../../../arm-none-eabi/lib/thumb/v7-m\libc_nano.a(lib_a-strlen.o)
                              Src/main.o (strlen)
c:/ac6/systemworkbench/plugins/fr.ac6.mcu.externaltools.arm-none.win32_1.17.0.201812190825/tools/compiler/bin/../lib/gcc/arm-none-eabi/7.3.1/../../../../arm-none-eabi/lib/thumb/v7-m\libc_nano.a(lib_a-nano-svfprintf.o)
                              c:/ac6/systemworkbench/plugins/fr.ac6.mcu.externaltools.arm-none.win32_1.17.0.201812190825/tools/compiler/bin/../lib/gcc/arm-none-eabi/7.3.1/../../../../arm-none-eabi/lib/thumb/v7-m\libc_nano.a(lib_a-sprintf.o) (_svfprintf_r)
c:/ac6/systemworkbench/plugins/fr.ac6.mcu.externaltools.arm-none.win32_1.17.0.201812190825/tools/compiler/bin/../lib/gcc/arm-none-eabi/7.3.1/../../../../arm-none-eabi/lib/thumb/v7-m\libc_nano.a(lib_a-nano-vfprintf_i.o)
                              c:/ac6/systemworkbench/plugins/fr.ac6.mcu.externaltools.arm-none.win32_1.17.0.201812190825/tools/compiler/bin/../lib/gcc/arm-none-eabi/7.3.1/../../../../arm-none-eabi/lib/thumb/v7-m\libc_nano.a(lib_a-nano-svfprintf.o) (_printf_i)
c:/ac6/systemworkbench/plugins/fr.ac6.mcu.externaltools.arm-none.win32_1.17.0.201812190825/tools/compiler/bin/../lib/gcc/arm-none-eabi/7.3.1/../../../../arm-none-eabi/lib/thumb/v7-m\libc_nano.a(lib_a-memchr-stub.o)
                              c:/ac6/systemworkbench/plugins/fr.ac6.mcu.externaltools.arm-none.win32_1.17.0.201812190825/tools/compiler/bin/../lib/gcc/arm-none-eabi/7.3.1/../../../../arm-none-eabi/lib/thumb/v7-m\libc_nano.a(lib_a-nano-svfprintf.o) (memchr)
c:/ac6/systemworkbench/plugins/fr.ac6.mcu.externaltools.arm-none.win32_1.17.0.201812190825/tools/compiler/bin/../lib/gcc/arm-none-eabi/7.3.1/../../../../arm-none-eabi/lib/thumb/v7-m\libc_nano.a(lib_a-memcpy-stub.o)
                              c:/ac6/systemworkbench/plugins/fr.ac6.mcu.externaltools.arm-none.win32_1.17.0.201812190825/tools/compiler/bin/../lib/gcc/arm-none-eabi/7.3.1/../../../../arm-none-eabi/lib/thumb/v7-m\libc_nano.a(lib_a-nano-svfprintf.o) (memcpy)
c:/ac6/systemworkbench/plugins/fr.ac6.mcu.externaltools.arm-none.win32_1.17.0.201812190825/tools/compiler/bin/../lib/gcc/arm-none-eabi/7.3.1/../../../../arm-none-eabi/lib/thumb/v7-m\libc_nano.a(lib_a-memmove.o)
[...]
Memory Configuration

Name             Origin             Length             Attributes
RAM              0x20000000         0x00004000         xrw
FLASH            0x08000000         0x00020000         xr
*default*        0x00000000         0xffffffff

Linker script and memory map

LOAD c:/ac6/systemworkbench/plugins/fr.ac6.mcu.externaltools.arm-none.win32_1.17.0.201812190825/tools/compiler/bin/../lib/gcc/arm-none-eabi/7.3.1/thumb/v7-m/crti.o
LOAD c:/ac6/systemworkbench/plugins/fr.ac6.mcu.externaltools.arm-none.win32_1.17.0.201812190825/tools/compiler/bin/../lib/gcc/arm-none-eabi/7.3.1/thumb/v7-m/crtbegin.o
LOAD c:/ac6/systemworkbench/plugins/fr.ac6.mcu.externaltools.arm-none.win32_1.17.0.201812190825/tools/compiler/bin/../lib/gcc/arm-none-eabi/7.3.1/../../../../arm-none-eabi/lib/thumb/v7-m/crt0.o
LOAD Drivers/STM32L1xx_HAL_Driver/Src/stm32l1xx_hal.o
LOAD Drivers/STM32L1xx_HAL_Driver/Src/stm32l1xx_hal_cortex.o
LOAD Drivers/STM32L1xx_HAL_Driver/Src/stm32l1xx_hal_dma.o
LOAD Drivers/STM32L1xx_HAL_Driver/Src/stm32l1xx_hal_flash.o
LOAD Drivers/STM32L1xx_HAL_Driver/Src/stm32l1xx_hal_flash_ex.o
LOAD Drivers/STM32L1xx_HAL_Driver/Src/stm32l1xx_hal_flash_ramfunc.o
LOAD Drivers/STM32L1xx_HAL_Driver/Src/stm32l1xx_hal_gpio.o
LOAD Drivers/STM32L1xx_HAL_Driver/Src/stm32l1xx_hal_pwr.o
LOAD Drivers/STM32L1xx_HAL_Driver/Src/stm32l1xx_hal_pwr_ex.o
LOAD Drivers/STM32L1xx_HAL_Driver/Src/stm32l1xx_hal_rcc.o
LOAD Drivers/STM32L1xx_HAL_Driver/Src/stm32l1xx_hal_rcc_ex.o
LOAD Drivers/STM32L1xx_HAL_Driver/Src/stm32l1xx_hal_spi.o
LOAD Drivers/STM32L1xx_HAL_Driver/Src/stm32l1xx_hal_tim.o
LOAD Drivers/STM32L1xx_HAL_Driver/Src/stm32l1xx_hal_tim_ex.o
LOAD Drivers/STM32L1xx_HAL_Driver/Src/stm32l1xx_hal_uart.o
LOAD Src/gpio.o
LOAD Src/main.o
LOAD Src/spi.o
LOAD Src/stm32l1xx_hal_msp.o
LOAD Src/stm32l1xx_it.o
LOAD Src/sys.o
LOAD Src/syscalls.o
LOAD Src/system_stm32l1xx.o
LOAD Src/tim.o
LOAD Src/usart.o
LOAD startup/startup_stm32l152xb.o
LOAD c:/ac6/systemworkbench/plugins/fr.ac6.mcu.externaltools.arm-none.win32_1.17.0.201812190825/tools/compiler/bin/../lib/gcc/arm-none-eabi/7.3.1/../../../../arm-none-eabi/lib/thumb/v7-m\libm.a
START GROUP
LOAD c:/ac6/systemworkbench/plugins/fr.ac6.mcu.externaltools.arm-none.win32_1.17.0.201812190825/tools/compiler/bin/../lib/gcc/arm-none-eabi/7.3.1/thumb/v7-m\libgcc.a
LOAD c:/ac6/systemworkbench/plugins/fr.ac6.mcu.externaltools.arm-none.win32_1.17.0.201812190825/tools/compiler/bin/../lib/gcc/arm-none-eabi/7.3.1/../../../../arm-none-eabi/lib/thumb/v7-m\libc_nano.a
END GROUP
START GROUP
LOAD c:/ac6/systemworkbench/plugins/fr.ac6.mcu.externaltools.arm-none.win32_1.17.0.201812190825/tools/compiler/bin/../lib/gcc/arm-none-eabi/7.3.1/thumb/v7-m\libgcc.a
LOAD c:/ac6/systemworkbench/plugins/fr.ac6.mcu.externaltools.arm-none.win32_1.17.0.201812190825/tools/compiler/bin/../lib/gcc/arm-none-eabi/7.3.1/../../../../arm-none-eabi/lib/thumb/v7-m\libc_nano.a
LOAD c:/ac6/systemworkbench/plugins/fr.ac6.mcu.externaltools.arm-none.win32_1.17.0.201812190825/tools/compiler/bin/../lib/gcc/arm-none-eabi/7.3.1/../../../../arm-none-eabi/lib/thumb/v7-m\libnosys.a
END GROUP
START GROUP
LOAD c:/ac6/systemworkbench/plugins/fr.ac6.mcu.externaltools.arm-none.win32_1.17.0.201812190825/tools/compiler/bin/../lib/gcc/arm-none-eabi/7.3.1/thumb/v7-m\libgcc.a
LOAD c:/ac6/systemworkbench/plugins/fr.ac6.mcu.externaltools.arm-none.win32_1.17.0.201812190825/tools/compiler/bin/../lib/gcc/arm-none-eabi/7.3.1/../../../../arm-none-eabi/lib/thumb/v7-m\libc_nano.a
LOAD c:/ac6/systemworkbench/plugins/fr.ac6.mcu.externaltools.arm-none.win32_1.17.0.201812190825/tools/compiler/bin/../lib/gcc/arm-none-eabi/7.3.1/../../../../arm-none-eabi/lib/thumb/v7-m\libnosys.a
END GROUP
LOAD c:/ac6/systemworkbench/plugins/fr.ac6.mcu.externaltools.arm-none.win32_1.17.0.201812190825/tools/compiler/bin/../lib/gcc/arm-none-eabi/7.3.1/thumb/v7-m/crtend.o
LOAD c:/ac6/systemworkbench/plugins/fr.ac6.mcu.externaltools.arm-none.win32_1.17.0.201812190825/tools/compiler/bin/../lib/gcc/arm-none-eabi/7.3.1/thumb/v7-m/crtn.o
                0x20004000                _estack = 0x20004000
                0x00000200                _Min_Heap_Size = 0x200
                0x00000400                _Min_Stack_Size = 0x400

.isr_vector     0x08000000      0x13c
                0x08000000                . = ALIGN (0x4)
 *(.isr_vector)
 .isr_vector    0x08000000      0x13c startup/startup_stm32l152xb.o
                0x08000000                g_pfnVectors
                0x0800013c                . = ALIGN (0x4)

.text           0x0800013c     0x2ccc
                0x0800013c                . = ALIGN (0x4)
 *(.text)
 .text          0x0800013c       0x40 c:/ac6/systemworkbench/plugins/fr.ac6.mcu.externaltools.arm-none.win32_1.17.0.201812190825/tools/compiler/bin/../lib/gcc/arm-none-eabi/7.3.1/thumb/v7-m/crtbegin.o
 .text          0x0800017c       0x10 c:/ac6/systemworkbench/plugins/fr.ac6.mcu.externaltools.arm-none.win32_1.17.0.201812190825/tools/compiler/bin/../lib/gcc/arm-none-eabi/7.3.1/../../../../arm-none-eabi/lib/thumb/v7-m\libc_nano.a(lib_a-strlen.o)
                0x0800017c                strlen
 *(.text*)
 .text.HAL_InitTick
                0x0800018c       0x4c Drivers/STM32L1xx_HAL_Driver/Src/stm32l1xx_hal.o
                0x0800018c                HAL_InitTick
 .text.HAL_Init
                0x080001d8       0x1e Drivers/STM32L1xx_HAL_Driver/Src/stm32l1xx_hal.o
                0x080001d8                HAL_Init
 *fill*         0x080001f6        0x2 
 .text.HAL_IncTick
                0x080001f8       0x18 Drivers/STM32L1xx_HAL_Driver/Src/stm32l1xx_hal.o
                0x080001f8                HAL_IncTick
 .text.HAL_GetTick
                0x08000210        0xc Drivers/STM32L1xx_HAL_Driver/Src/stm32l1xx_hal.o
                0x08000210                HAL_GetTick
 .text.HAL_Delay
                0x0800021c       0x28 Drivers/STM32L1xx_HAL_Driver/Src/stm32l1xx_hal.o
                0x0800021c                HAL_Delay
 .text.HAL_NVIC_SetPriorityGrouping
                0x08000244       0x24 Drivers/STM32L1xx_HAL_Driver/Src/stm32l1xx_hal_cortex.o
                0x08000244                HAL_NVIC_SetPriorityGrouping
 .text.HAL_NVIC_SetPriority
                0x08000268       0x68 Drivers/STM32L1xx_HAL_Driver/Src/stm32l1xx_hal_cortex.o
                0x08000268                HAL_NVIC_SetPriority
 .text.HAL_NVIC_EnableIRQ
                0x080002d0       0x1c Drivers/STM32L1xx_HAL_Driver/Src/stm32l1xx_hal_cortex.o
                0x080002d0                HAL_NVIC_EnableIRQ
 .text.HAL_SYSTICK_Config
                0x080002ec       0x2c Drivers/STM32L1xx_HAL_Driver/Src/stm32l1xx_hal_cortex.o
                0x080002ec                HAL_SYSTICK_Config
 .text.HAL_GPIO_Init
                0x08000318      0x194 Drivers/STM32L1xx_HAL_Driver/Src/stm32l1xx_hal_gpio.o
                0x08000318                HAL_GPIO_Init
 .text.HAL_GPIO_WritePin
                0x080004ac        0xc Drivers/STM32L1xx_HAL_Driver/Src/stm32l1xx_hal_gpio.o
                0x080004ac                HAL_GPIO_WritePin
 .text.HAL_GPIO_EXTI_IRQHandler
                0x080004b8       0x1c Drivers/STM32L1xx_HAL_Driver/Src/stm32l1xx_hal_gpio.o
                0x080004b8                HAL_GPIO_EXTI_IRQHandler
 .text.RCC_SetFlashLatencyFromMSIRange
                0x080004d4       0x94 Drivers/STM32L1xx_HAL_Driver/Src/stm32l1xx_hal_rcc.o
 .text.HAL_RCC_OscConfig
                0x08000568      0x4fc Drivers/STM32L1xx_HAL_Driver/Src/stm32l1xx_hal_rcc.o
                0x08000568                HAL_RCC_OscConfig
 .text.HAL_RCC_GetSysClockFreq
                0x08000a64       0x70 Drivers/STM32L1xx_HAL_Driver/Src/stm32l1xx_hal_rcc.o
                0x08000a64                HAL_RCC_GetSysClockFreq
 .text.HAL_RCC_ClockConfig
                0x08000ad4      0x1dc Drivers/STM32L1xx_HAL_Driver/Src/stm32l1xx_hal_rcc.o
                0x08000ad4                HAL_RCC_ClockConfig
 .text.HAL_RCC_GetHCLKFreq
                0x08000cb0        0xc Drivers/STM32L1xx_HAL_Driver/Src/stm32l1xx_hal_rcc.o
                0x08000cb0                HAL_RCC_GetHCLKFreq
 .text.HAL_RCC_GetPCLK1Freq
                0x08000cbc       0x20 Drivers/STM32L1xx_HAL_Driver/Src/stm32l1xx_hal_rcc.o
                0x08000cbc                HAL_RCC_GetPCLK1Freq
 .text.HAL_RCC_GetPCLK2Freq
                0x08000cdc       0x20 Drivers/STM32L1xx_HAL_Driver/Src/stm32l1xx_hal_rcc.o
                0x08000cdc                HAL_RCC_GetPCLK2Freq
 .text.SPI_WaitFlagStateUntilTimeout
                0x08000cfc       0x90 Drivers/STM32L1xx_HAL_Driver/Src/stm32l1xx_hal_spi.o
 .text.SPI_EndRxTxTransaction
                0x08000d8c       0x60 Drivers/STM32L1xx_HAL_Driver/Src/stm32l1xx_hal_spi.o
 .text.SPI_EndRxTransaction
                0x08000dec       0x98 Drivers/STM32L1xx_HAL_Driver/Src/stm32l1xx_hal_spi.o
 .text.HAL_SPI_Init
                0x08000e84       0x70 Drivers/STM32L1xx_HAL_Driver/Src/stm32l1xx_hal_spi.o
                0x08000e84                HAL_SPI_Init
 .text.HAL_SPI_Transmit
                0x08000ef4      0x19a Drivers/STM32L1xx_HAL_Driver/Src/stm32l1xx_hal_spi.o
                0x08000ef4                HAL_SPI_Transmit
 .text.HAL_SPI_TransmitReceive
                0x0800108e      0x22e Drivers/STM32L1xx_HAL_Driver/Src/stm32l1xx_hal_spi.o
                0x0800108e                HAL_SPI_TransmitReceive
 .text.HAL_SPI_Receive
                0x080012bc      0x162 Drivers/STM32L1xx_HAL_Driver/Src/stm32l1xx_hal_spi.o
                0x080012bc                HAL_SPI_Receive
 *fill*         0x0800141e        0x2 
 .text.TIM_Base_SetConfig
                0x08001420       0x70 Drivers/STM32L1xx_HAL_Driver/Src/stm32l1xx_hal_tim.o
 .text.TIM_TI1_ConfigInputStage
                0x08001490       0x24 Drivers/STM32L1xx_HAL_Driver/Src/stm32l1xx_hal_tim.o
 .text.TIM_TI2_ConfigInputStage
                0x080014b4       0x26 Drivers/STM32L1xx_HAL_Driver/Src/stm32l1xx_hal_tim.o
 .text.TIM_ITRx_SetConfig
                0x080014da       0x10 Drivers/STM32L1xx_HAL_Driver/Src/stm32l1xx_hal_tim.o
 .text.TIM_ETR_SetConfig
                0x080014ea       0x16 Drivers/STM32L1xx_HAL_Driver/Src/stm32l1xx_hal_tim.o
 .text.HAL_TIM_Base_Init
                0x08001500       0x32 Drivers/STM32L1xx_HAL_Driver/Src/stm32l1xx_hal_tim.o
                0x08001500                HAL_TIM_Base_Init
 .text.HAL_TIM_Base_Start
                0x08001532       0x24 Drivers/STM32L1xx_HAL_Driver/Src/stm32l1xx_hal_tim.o
                0x08001532                HAL_TIM_Base_Start
 .text.HAL_TIM_ConfigClockSource
                0x08001556       0xda Drivers/STM32L1xx_HAL_Driver/Src/stm32l1xx_hal_tim.o
                0x08001556                HAL_TIM_ConfigClockSource
 .text.HAL_TIMEx_MasterConfigSynchronization
                0x08001630       0x46 Drivers/STM32L1xx_HAL_Driver/Src/stm32l1xx_hal_tim_ex.o
                0x08001630                HAL_TIMEx_MasterConfigSynchronization
 *fill*         0x08001676        0x2 
 .text.UART_SetConfig
                0x08001678      0x164 Drivers/STM32L1xx_HAL_Driver/Src/stm32l1xx_hal_uart.o
 .text.UART_WaitOnFlagUntilTimeout
                0x080017dc       0x62 Drivers/STM32L1xx_HAL_Driver/Src/stm32l1xx_hal_uart.o
 .text.HAL_UART_Init
                0x0800183e       0x5e Drivers/STM32L1xx_HAL_Driver/Src/stm32l1xx_hal_uart.o
                0x0800183e                HAL_UART_Init
 .text.HAL_UART_Transmit
                0x0800189c       0xe0 Drivers/STM32L1xx_HAL_Driver/Src/stm32l1xx_hal_uart.o
                0x0800189c                HAL_UART_Transmit
 .text.MX_GPIO_Init
                0x0800197c       0x8c Src/gpio.o
                0x0800197c                MX_GPIO_Init
 .text.SystemClock_Config
                0x08001a08       0x68 Src/main.o
                0x08001a08                SystemClock_Config
 .text.Error_Handler
                0x08001a70        0x2 Src/main.o
                0x08001a70                Error_Handler
 *fill*         0x08001a72        0x2 
 .text.W_Register
                0x08001a74       0x58 Src/main.o
                0x08001a74                W_Register
 .text.NRF24L01_InitPins
                0x08001acc       0x24 Src/main.o
                0x08001acc                NRF24L01_InitPins
 .text.Flush    0x08001af0       0x3c Src/main.o
                0x08001af0                Flush
 .text.GetStatus
                0x08001b2c       0x48 Src/main.o
                0x08001b2c                GetStatus
 .text.ReadReg  0x08001b74       0x58 Src/main.o
                0x08001b74                ReadReg
 .text.WriteBit
                0x08001bcc       0x2c Src/main.o
                0x08001bcc                WriteBit
 .text.PowerUpRx
                0x08001bf8       0x44 Src/main.o
                0x08001bf8                PowerUpRx
 .text.nrf24_Init
                0x08001c3c       0x6a Src/main.o
                0x08001c3c                nrf24_Init
 .text.PowerUpTx
                0x08001ca6       0x20 Src/main.o
                0x08001ca6                PowerUpTx
 .text.RxFifoEmpty
                0x08001cc6       0x10 Src/main.o
                0x08001cc6                RxFifoEmpty
 .text.DataReady
                0x08001cd6       0x1c Src/main.o
                0x08001cd6                DataReady
 *fill*         0x08001cf2        0x2 
 .text.HAL_GPIO_EXTI_Callback
                0x08001cf4       0x1c Src/main.o
                0x08001cf4                HAL_GPIO_EXTI_Callback
 .text.Transmit
                0x08001d10       0x94 Src/main.o
                0x08001d10                Transmit
 .text.GetData  0x08001da4       0x58 Src/main.o
                0x08001da4                GetData
 .text.ReadBit  0x08001dfc       0x1a Src/main.o
                0x08001dfc                ReadBit
 *fill*         0x08001e16        0x2 
 .text.SetAddress
                0x08001e18       0x60 Src/main.o
                0x08001e18                SetAddress
 .text.GetTransmissionStatus
                0x08001e78       0x1e Src/main.o
                0x08001e78                GetTransmissionStatus
 *fill*         0x08001e96        0x2 
 .text.uart_disp
                0x08001e98       0x30 Src/main.o
                0x08001e98                uart_disp
 .text.CheckReg
                0x08001ec8      0x184 Src/main.o
                0x08001ec8                CheckReg
 .text.uart_int_disp
                0x0800204c       0x3c Src/main.o
                0x0800204c                uart_int_disp
 .text.main     0x08002088      0x1c4 Src/main.o
                0x08002088                main
 .text.MX_SPI1_Init
                0x0800224c       0x40 Src/spi.o
                0x0800224c                MX_SPI1_Init
 .text.HAL_SPI_MspInit
                0x0800228c       0x68 Src/spi.o
                0x0800228c                HAL_SPI_MspInit
 .text.HAL_MspInit
                0x080022f4       0x44 Src/stm32l1xx_hal_msp.o
                0x080022f4                HAL_MspInit
 .text.NMI_Handler
                0x08002338        0x2 Src/stm32l1xx_it.o
                0x08002338                NMI_Handler
 .text.HardFault_Handler
                0x0800233a        0x2 Src/stm32l1xx_it.o
                0x0800233a                HardFault_Handler
 .text.MemManage_Handler
                0x0800233c        0x2 Src/stm32l1xx_it.o
                0x0800233c                MemManage_Handler
 .text.BusFault_Handler
                0x0800233e        0x2 Src/stm32l1xx_it.o
                0x0800233e                BusFault_Handler
 .text.UsageFault_Handler
                0x08002340        0x2 Src/stm32l1xx_it.o
                0x08002340                UsageFault_Handler
 .text.SVC_Handler
                0x08002342        0x2 Src/stm32l1xx_it.o
                0x08002342                SVC_Handler
 .text.DebugMon_Handler
                0x08002344        0x2 Src/stm32l1xx_it.o
                0x08002344                DebugMon_Handler
 .text.PendSV_Handler
                0x08002346        0x2 Src/stm32l1xx_it.o
                0x08002346                PendSV_Handler
 .text.SysTick_Handler
                0x08002348        0x8 Src/stm32l1xx_it.o
                0x08002348                SysTick_Handler
 .text.EXTI2_IRQHandler
                0x08002350        0xa Src/stm32l1xx_it.o
                0x08002350                EXTI2_IRQHandler
 *fill*         0x0800235a        0x2 
 .text._sbrk    0x0800235c       0x3c Src/syscalls.o
                0x0800235c                _sbrk
 .text.SystemInit
                0x08002398       0x48 Src/system_stm32l1xx.o
                0x08002398                SystemInit
 .text.MX_TIM2_Init
                0x080023e0       0x70 Src/tim.o
                0x080023e0                MX_TIM2_Init
 .text.HAL_TIM_Base_MspInit
                0x08002450       0x26 Src/tim.o
                0x08002450                HAL_TIM_Base_MspInit
 *fill*         0x08002476        0x2 
 .text.MX_USART1_UART_Init
                0x08002478       0x34 Src/usart.o
                0x08002478                MX_USART1_UART_Init
 .text.HAL_UART_MspInit
                0x080024ac       0x70 Src/usart.o
                0x080024ac                HAL_UART_MspInit
 .text.Reset_Handler
                0x0800251c       0x48 startup/startup_stm32l152xb.o
                0x0800251c                Reset_Handler
 .text.Default_Handler
                0x08002564        0x2 startup/startup_stm32l152xb.o
                0x08002564                RTC_Alarm_IRQHandler
                0x08002564                TIM10_IRQHandler
                0x08002564                USB_HP_IRQHandler
                0x08002564                TIM6_IRQHandler
                0x08002564                PVD_IRQHandler
                0x08002564                EXTI3_IRQHandler
                0x08002564                EXTI0_IRQHandler
                0x08002564                I2C2_EV_IRQHandler
                0x08002564                SPI1_IRQHandler
                0x08002564                USB_FS_WKUP_IRQHandler
                0x08002564                DMA1_Channel4_IRQHandler
                0x08002564                ADC1_IRQHandler
                0x08002564                USART3_IRQHandler
                0x08002564                DMA1_Channel7_IRQHandler
                0x08002564                LCD_IRQHandler
                0x08002564                TIM4_IRQHandler
                0x08002564                I2C1_EV_IRQHandler
                0x08002564                DMA1_Channel6_IRQHandler
                0x08002564                TIM3_IRQHandler
                0x08002564                RCC_IRQHandler
                0x08002564                DMA1_Channel1_IRQHandler
                0x08002564                Default_Handler
                0x08002564                EXTI15_10_IRQHandler
                0x08002564                TIM7_IRQHandler
                0x08002564                EXTI9_5_IRQHandler
                0x08002564                TIM9_IRQHandler
                0x08002564                TAMPER_STAMP_IRQHandler
                0x08002564                RTC_WKUP_IRQHandler
                0x08002564                SPI2_IRQHandler
                0x08002564                DMA1_Channel5_IRQHandler
                0x08002564                USB_LP_IRQHandler
                0x08002564                EXTI4_IRQHandler
                0x08002564                DMA1_Channel3_IRQHandler
                0x08002564                COMP_IRQHandler
                0x08002564                WWDG_IRQHandler
                0x08002564                TIM2_IRQHandler
                0x08002564                DAC_IRQHandler
                0x08002564                EXTI1_IRQHandler
                0x08002564                TIM11_IRQHandler
                0x08002564                USART2_IRQHandler
                0x08002564                I2C2_ER_IRQHandler
                0x08002564                DMA1_Channel2_IRQHandler
                0x08002564                FLASH_IRQHandler
                0x08002564                USART1_IRQHandler
                0x08002564                I2C1_ER_IRQHandler
 *fill*         0x08002566        0x2 
 .text.__errno  0x08002568        0xc c:/ac6/systemworkbench/plugins/fr.ac6.mcu.externaltools.arm-none.win32_1.17.0.201812190825/tools/compiler/bin/../lib/gcc/arm-none-eabi/7.3.1/../../../../arm-none-eabi/lib/thumb/v7-m\libc_nano.a(lib_a-errno.o)
                0x08002568                __errno
 .text.__libc_init_array
                0x08002574       0x48 c:/ac6/systemworkbench/plugins/fr.ac6.mcu.externaltools.arm-none.win32_1.17.0.201812190825/tools/compiler/bin/../lib/gcc/arm-none-eabi/7.3.1/../../../../arm-none-eabi/lib/thumb/v7-m\libc_nano.a(lib_a-init.o)
                0x08002574                __libc_init_array
 .text.memset   0x080025bc       0x10 c:/ac6/systemworkbench/plugins/fr.ac6.mcu.externaltools.arm-none.win32_1.17.0.201812190825/tools/compiler/bin/../lib/gcc/arm-none-eabi/7.3.1/../../../../arm-none-eabi/lib/thumb/v7-m\libc_nano.a(lib_a-memset.o)
                0x080025bc                memset
 .text.sprintf  0x080025cc       0x40 c:/ac6/systemworkbench/plugins/fr.ac6.mcu.externaltools.arm-none.win32_1.17.0.201812190825/tools/compiler/bin/../lib/gcc/arm-none-eabi/7.3.1/../../../../arm-none-eabi/lib/thumb/v7-m\libc_nano.a(lib_a-sprintf.o)
                0x080025cc                siprintf
                0x080025cc                sprintf
 .text.__ssputs_r
                0x0800260c       0xb4 c:/ac6/systemworkbench/plugins/fr.ac6.mcu.externaltools.arm-none.win32_1.17.0.201812190825/tools/compiler/bin/../lib/gcc/arm-none-eabi/7.3.1/../../../../arm-none-eabi/lib/thumb/v7-m\libc_nano.a(lib_a-nano-svfprintf.o)
                0x0800260c                __ssputs_r
 .text._svfprintf_r
                0x080026c0      0x1f0 c:/ac6/systemworkbench/plugins/fr.ac6.mcu.externaltools.arm-none.win32_1.17.0.201812190825/tools/compiler/bin/../lib/gcc/arm-none-eabi/7.3.1/../../../../arm-none-eabi/lib/thumb/v7-m\libc_nano.a(lib_a-nano-svfprintf.o)
                0x080026c0                _svfiprintf_r
                0x080026c0                _svfprintf_r
 .text._printf_common
                0x080028b0       0xec c:/ac6/systemworkbench/plugins/fr.ac6.mcu.externaltools.arm-none.win32_1.17.0.201812190825/tools/compiler/bin/../lib/gcc/arm-none-eabi/7.3.1/../../../../arm-none-eabi/lib/thumb/v7-m\libc_nano.a(lib_a-nano-vfprintf_i.o)
                0x080028b0                _printf_common
 .text._printf_i
                0x0800299c      0x224 c:/ac6/systemworkbench/plugins/fr.ac6.mcu.externaltools.arm-none.win32_1.17.0.201812190825/tools/compiler/bin/../lib/gcc/arm-none-eabi/7.3.1/../../../../arm-none-eabi/lib/thumb/v7-m\libc_nano.a(lib_a-nano-vfprintf_i.o)
                0x0800299c                _printf_i
 .text.memchr   0x08002bc0       0x1c c:/ac6/systemworkbench/plugins/fr.ac6.mcu.externaltools.arm-none.win32_1.17.0.201812190825/tools/compiler/bin/../lib/gcc/arm-none-eabi/7.3.1/../../../../arm-none-eabi/lib/thumb/v7-m\libc_nano.a(lib_a-memchr-stub.o)
                0x08002bc0                memchr
 .text.memcpy   0x08002bdc       0x16 c:/ac6/systemworkbench/plugins/fr.ac6.mcu.externaltools.arm-none.win32_1.17.0.201812190825/tools/compiler/bin/../lib/gcc/arm-none-eabi/7.3.1/../../../../arm-none-eabi/lib/thumb/v7-m\libc_nano.a(lib_a-memcpy-stub.o)
                0x08002bdc                memcpy
 .text.memmove  0x08002bf2       0x32 c:/ac6/systemworkbench/plugins/fr.ac6.mcu.externaltools.arm-none.win32_1.17.0.201812190825/tools/compiler/bin/../lib/gcc/arm-none-eabi/7.3.1/../../../../arm-none-eabi/lib/thumb/v7-m\libc_nano.a(lib_a-memmove.o)
                0x08002bf2                memmove
 .text._free_r  0x08002c24       0x98 c:/ac6/systemworkbench/plugins/fr.ac6.mcu.externaltools.arm-none.win32_1.17.0.201812190825/tools/compiler/bin/../lib/gcc/arm-none-eabi/7.3.1/../../../../arm-none-eabi/lib/thumb/v7-m\libc_nano.a(lib_a-nano-freer.o)
                0x08002c24                _free_r
 .text._malloc_r
                0x08002cbc       0xb4 c:/ac6/systemworkbench/plugins/fr.ac6.mcu.externaltools.arm-none.win32_1.17.0.201812190825/tools/compiler/bin/../lib/gcc/arm-none-eabi/7.3.1/../../../../arm-none-eabi/lib/thumb/v7-m\libc_nano.a(lib_a-nano-mallocr.o)
                0x08002cbc                _malloc_r
 .text._realloc_r
                0x08002d70       0x4c c:/ac6/systemworkbench/plugins/fr.ac6.mcu.externaltools.arm-none.win32_1.17.0.201812190825/tools/compiler/bin/../lib/gcc/arm-none-eabi/7.3.1/../../../../arm-none-eabi/lib/thumb/v7-m\libc_nano.a(lib_a-nano-reallocr.o)
                0x08002d70                _realloc_r
 .text._sbrk_r  0x08002dbc       0x20 c:/ac6/systemworkbench/plugins/fr.ac6.mcu.externaltools.arm-none.win32_1.17.0.201812190825/tools/compiler/bin/../lib/gcc/arm-none-eabi/7.3.1/../../../../arm-none-eabi/lib/thumb/v7-m\libc_nano.a(lib_a-sbrkr.o)
                0x08002dbc                _sbrk_r
 .text.__malloc_lock
                0x08002ddc        0x2 c:/ac6/systemworkbench/plugins/fr.ac6.mcu.externaltools.arm-none.win32_1.17.0.201812190825/tools/compiler/bin/../lib/gcc/arm-none-eabi/7.3.1/../../../../arm-none-eabi/lib/thumb/v7-m\libc_nano.a(lib_a-mlock.o)
                0x08002ddc                __malloc_lock
 .text.__malloc_unlock
                0x08002dde        0x2 c:/ac6/systemworkbench/plugins/fr.ac6.mcu.externaltools.arm-none.win32_1.17.0.201812190825/tools/compiler/bin/../lib/gcc/arm-none-eabi/7.3.1/../../../../arm-none-eabi/lib/thumb/v7-m\libc_nano.a(lib_a-mlock.o)
                0x08002dde                __malloc_unlock
 .text._malloc_usable_size_r
                0x08002de0       0x10 c:/ac6/systemworkbench/plugins/fr.ac6.mcu.externaltools.arm-none.win32_1.17.0.201812190825/tools/compiler/bin/../lib/gcc/arm-none-eabi/7.3.1/../../../../arm-none-eabi/lib/thumb/v7-m\libc_nano.a(lib_a-nano-msizer.o)
                0x08002de0                _malloc_usable_size_r
 *(.glue_7)
 .glue_7        0x08002df0        0x0 linker stubs
 *(.glue_7t)
 .glue_7t       0x08002df0        0x0 linker stubs
 *(.eh_frame)
 .eh_frame      0x08002df0        0x0 c:/ac6/systemworkbench/plugins/fr.ac6.mcu.externaltools.arm-none.win32_1.17.0.201812190825/tools/compiler/bin/../lib/gcc/arm-none-eabi/7.3.1/thumb/v7-m/crtbegin.o
 *(.init)
 .init          0x08002df0        0x4 c:/ac6/systemworkbench/plugins/fr.ac6.mcu.externaltools.arm-none.win32_1.17.0.201812190825/tools/compiler/bin/../lib/gcc/arm-none-eabi/7.3.1/thumb/v7-m/crti.o
                0x08002df0                _init
 .init          0x08002df4        0x8 c:/ac6/systemworkbench/plugins/fr.ac6.mcu.externaltools.arm-none.win32_1.17.0.201812190825/tools/compiler/bin/../lib/gcc/arm-none-eabi/7.3.1/thumb/v7-m/crtn.o
 *(.fini)
 .fini          0x08002dfc        0x4 c:/ac6/systemworkbench/plugins/fr.ac6.mcu.externaltools.arm-none.win32_1.17.0.201812190825/tools/compiler/bin/../lib/gcc/arm-none-eabi/7.3.1/thumb/v7-m/crti.o
                0x08002dfc                _fini
 .fini          0x08002e00        0x8 c:/ac6/systemworkbench/plugins/fr.ac6.mcu.externaltools.arm-none.win32_1.17.0.201812190825/tools/compiler/bin/../lib/gcc/arm-none-eabi/7.3.1/thumb/v7-m/crtn.o
                0x08002e08                . = ALIGN (0x4)
                0x08002e08                _etext = .

.vfp11_veneer   0x08002e08        0x0
 .vfp11_veneer  0x08002e08        0x0 linker stubs

.v4_bx          0x08002e08        0x0
 .v4_bx         0x08002e08        0x0 linker stubs

.iplt           0x08002e08        0x0
 .iplt          0x08002e08        0x0 c:/ac6/systemworkbench/plugins/fr.ac6.mcu.externaltools.arm-none.win32_1.17.0.201812190825/tools/compiler/bin/../lib/gcc/arm-none-eabi/7.3.1/thumb/v7-m/crtbegin.o

.rodata         0x08002e08      0x2c4
                0x08002e08                . = ALIGN (0x4)
 *(.rodata)
 .rodata        0x08002e08        0xd Src/main.o
 *fill*         0x08002e15        0x3 
 .rodata        0x08002e18       0x24 Src/system_stm32l1xx.o
                0x08002e18                PLLMulTable
                0x08002e24                AHBPrescTable
                0x08002e34                APBPrescTable
 *(.rodata*)
 .rodata.str1.4
                0x08002e3c      0x25c Src/main.o
                                0x259 (size before relaxing)
 .rodata._svfprintf_r.str1.1
                0x08003098       0x11 c:/ac6/systemworkbench/plugins/fr.ac6.mcu.externaltools.arm-none.win32_1.17.0.201812190825/tools/compiler/bin/../lib/gcc/arm-none-eabi/7.3.1/../../../../arm-none-eabi/lib/thumb/v7-m\libc_nano.a(lib_a-nano-svfprintf.o)
 .rodata._printf_i.str1.1
                0x080030a9       0x22 c:/ac6/systemworkbench/plugins/fr.ac6.mcu.externaltools.arm-none.win32_1.17.0.201812190825/tools/compiler/bin/../lib/gcc/arm-none-eabi/7.3.1/../../../../arm-none-eabi/lib/thumb/v7-m\libc_nano.a(lib_a-nano-vfprintf_i.o)
                0x080030cc                . = ALIGN (0x4)
 *fill*         0x080030cb        0x1 

.rel.dyn        0x080030cc        0x0
 .rel.iplt      0x080030cc        0x0 c:/ac6/systemworkbench/plugins/fr.ac6.mcu.externaltools.arm-none.win32_1.17.0.201812190825/tools/compiler/bin/../lib/gcc/arm-none-eabi/7.3.1/thumb/v7-m/crtbegin.o

.ARM.extab
 *(.ARM.extab* .gnu.linkonce.armextab.*)

.ARM            0x080030cc        0x0
                0x080030cc                __exidx_start = .
 *(.ARM.exidx*)
                0x080030cc                __exidx_end = .

.preinit_array  0x080030cc        0x0
                0x080030cc                PROVIDE (__preinit_array_start = .)
 *(.preinit_array*)
                0x080030cc                PROVIDE (__preinit_array_end = .)

.init_array     0x080030cc        0x4
                0x080030cc                PROVIDE (__init_array_start = .)
 *(SORT_BY_NAME(.init_array.*))
 *(.init_array*)
 .init_array    0x080030cc        0x4 c:/ac6/systemworkbench/plugins/fr.ac6.mcu.externaltools.arm-none.win32_1.17.0.201812190825/tools/compiler/bin/../lib/gcc/arm-none-eabi/7.3.1/thumb/v7-m/crtbegin.o
                0x080030d0                PROVIDE (__init_array_end = .)

.fini_array     0x080030d0        0x4
                [!provide]                PROVIDE (__fini_array_start = .)
 *(SORT_BY_NAME(.fini_array.*))
 *(.fini_array*)
 .fini_array    0x080030d0        0x4 c:/ac6/systemworkbench/plugins/fr.ac6.mcu.externaltools.arm-none.win32_1.17.0.201812190825/tools/compiler/bin/../lib/gcc/arm-none-eabi/7.3.1/thumb/v7-m/crtbegin.o
                [!provide]                PROVIDE (__fini_array_end = .)
                0x080030d4                _sidata = LOADADDR (.data)

.data           0x20000000       0x70 load address 0x080030d4
                0x20000000                . = ALIGN (0x4)
                0x20000000                _sdata = .
 *(.data)
 .data          0x20000000        0x8 Drivers/STM32L1xx_HAL_Driver/Src/stm32l1xx_hal.o
                0x20000000                uwTickFreq
                0x20000004                uwTickPrio
 .data          0x20000008        0x4 Src/system_stm32l1xx.o
                0x20000008                SystemCoreClock
 *(.data*)
 .data._impure_ptr
                0x2000000c        0x4 c:/ac6/systemworkbench/plugins/fr.ac6.mcu.externaltools.arm-none.win32_1.17.0.201812190825/tools/compiler/bin/../lib/gcc/arm-none-eabi/7.3.1/../../../../arm-none-eabi/lib/thumb/v7-m\libc_nano.a(lib_a-impure.o)
                0x2000000c                _impure_ptr
 .data.impure_data
                0x20000010       0x60 c:/ac6/systemworkbench/plugins/fr.ac6.mcu.externaltools.arm-none.win32_1.17.0.201812190825/tools/compiler/bin/../lib/gcc/arm-none-eabi/7.3.1/../../../../arm-none-eabi/lib/thumb/v7-m\libc_nano.a(lib_a-impure.o)
                0x20000070                . = ALIGN (0x4)
                0x20000070                _edata = .

.igot.plt       0x20000070        0x0 load address 0x08003144
 .igot.plt      0x20000070        0x0 c:/ac6/systemworkbench/plugins/fr.ac6.mcu.externaltools.arm-none.win32_1.17.0.201812190825/tools/compiler/bin/../lib/gcc/arm-none-eabi/7.3.1/thumb/v7-m/crtbegin.o
                0x20000070                . = ALIGN (0x4)

.bss            0x20000070      0x10c load address 0x08003144
                0x20000070                _sbss = .
                0x20000070                __bss_start__ = _sbss
 *(.bss)
 .bss           0x20000070       0x1c c:/ac6/systemworkbench/plugins/fr.ac6.mcu.externaltools.arm-none.win32_1.17.0.201812190825/tools/compiler/bin/../lib/gcc/arm-none-eabi/7.3.1/thumb/v7-m/crtbegin.o
 .bss           0x2000008c        0x8 Src/syscalls.o
                0x20000090                __env
 *(.bss*)
 .bss.__malloc_free_list
                0x20000094        0x4 c:/ac6/systemworkbench/plugins/fr.ac6.mcu.externaltools.arm-none.win32_1.17.0.201812190825/tools/compiler/bin/../lib/gcc/arm-none-eabi/7.3.1/../../../../arm-none-eabi/lib/thumb/v7-m\libc_nano.a(lib_a-nano-mallocr.o)
                0x20000094                __malloc_free_list
 .bss.__malloc_sbrk_start
                0x20000098        0x4 c:/ac6/systemworkbench/plugins/fr.ac6.mcu.externaltools.arm-none.win32_1.17.0.201812190825/tools/compiler/bin/../lib/gcc/arm-none-eabi/7.3.1/../../../../arm-none-eabi/lib/thumb/v7-m\libc_nano.a(lib_a-nano-mallocr.o)
                0x20000098                __malloc_sbrk_start
 *(COMMON)
 COMMON         0x2000009c        0x4 Drivers/STM32L1xx_HAL_Driver/Src/stm32l1xx_hal.o
                0x2000009c                uwTick
 COMMON         0x200000a0        0x1 Src/main.o
                0x200000a0                RF_state
 *fill*         0x200000a1        0x3 
 COMMON         0x200000a4       0x58 Src/spi.o
                0x200000a4                hspi1
 COMMON         0x200000fc       0x3c Src/tim.o
                0x200000fc                htim2
 COMMON         0x20000138       0x40 Src/usart.o
                0x20000138                huart1
 COMMON         0x20000178        0x4 c:/ac6/systemworkbench/plugins/fr.ac6.mcu.externaltools.arm-none.win32_1.17.0.201812190825/tools/compiler/bin/../lib/gcc/arm-none-eabi/7.3.1/../../../../arm-none-eabi/lib/thumb/v7-m\libc_nano.a(lib_a-reent.o)
                0x20000178                errno
                0x2000017c                . = ALIGN (0x4)
                0x2000017c                _ebss = .
                0x2000017c                __bss_end__ = _ebss

._user_heap_stack
                0x2000017c      0x604 load address 0x08003144
                0x20000180                . = ALIGN (0x8)
 *fill*         0x2000017c        0x4 
                0x20000180                PROVIDE (end = .)
                [!provide]                PROVIDE (_end = .)
                0x20000380                . = (. + _Min_Heap_Size)
 *fill*         0x20000180      0x200 
                0x20000780                . = (. + _Min_Stack_Size)
 *fill*         0x20000380      0x400 
                0x20000780                . = ALIGN (0x8)

/DISCARD/
 libc.a(*)
 libm.a(*)
 libgcc.a(*)

.ARM.attributes
                0x00000000       0x29
 *(.ARM.attributes)
 .ARM.attributes
                0x00000000       0x1d c:/ac6/systemworkbench/plugins/fr.ac6.mcu.externaltools.arm-none.win32_1.17.0.201812190825/tools/compiler/bin/../lib/gcc/arm-none-eabi/7.3.1/thumb/v7-m/crti.o
 .ARM.attributes
                0x0000001d       0x2d c:/ac6/systemworkbench/plugins/fr.ac6.mcu.externaltools.arm-none.win32_1.17.0.201812190825/tools/compiler/bin/../lib/gcc/arm-none-eabi/7.3.1/thumb/v7-m/crtbegin.o
 .ARM.attributes
                0x0000004a       0x33 Drivers/STM32L1xx_HAL_Driver/Src/stm32l1xx_hal.o
 .ARM.attributes
                0x0000007d       0x33 Drivers/STM32L1xx_HAL_Driver/Src/stm32l1xx_hal_cortex.o
 .ARM.attributes
                0x000000b0       0x33 Drivers/STM32L1xx_HAL_Driver/Src/stm32l1xx_hal_gpio.o
 .ARM.attributes
                0x000000e3       0x33 Drivers/STM32L1xx_HAL_Driver/Src/stm32l1xx_hal_rcc.o
 .ARM.attributes
                0x00000116       0x33 Drivers/STM32L1xx_HAL_Driver/Src/stm32l1xx_hal_spi.o
 .ARM.attributes
                0x00000149       0x33 Drivers/STM32L1xx_HAL_Driver/Src/stm32l1xx_hal_tim.o
 .ARM.attributes
                0x0000017c       0x33 Drivers/STM32L1xx_HAL_Driver/Src/stm32l1xx_hal_tim_ex.o
 .ARM.attributes
                0x000001af       0x33 Drivers/STM32L1xx_HAL_Driver/Src/stm32l1xx_hal_uart.o
 .ARM.attributes
                0x000001e2       0x33 Src/gpio.o
 .ARM.attributes
                0x00000215       0x33 Src/main.o
 .ARM.attributes
                0x00000248       0x33 Src/spi.o
 .ARM.attributes
                0x0000027b       0x33 Src/stm32l1xx_hal_msp.o
 .ARM.attributes
                0x000002ae       0x33 Src/stm32l1xx_it.o
 .ARM.attributes
                0x000002e1       0x33 Src/syscalls.o
 .ARM.attributes
                0x00000314       0x33 Src/system_stm32l1xx.o
 .ARM.attributes
                0x00000347       0x33 Src/tim.o
 .ARM.attributes
                0x0000037a       0x33 Src/usart.o
 .ARM.attributes
                0x000003ad       0x21 startup/startup_stm32l152xb.o
 .ARM.attributes
                0x000003ce       0x2d c:/ac6/systemworkbench/plugins/fr.ac6.mcu.externaltools.arm-none.win32_1.17.0.201812190825/tools/compiler/bin/../lib/gcc/arm-none-eabi/7.3.1/../../../../arm-none-eabi/lib/thumb/v7-m\libc_nano.a(lib_a-errno.o)
 .ARM.attributes
                0x000003fb       0x2d c:/ac6/systemworkbench/plugins/fr.ac6.mcu.externaltools.arm-none.win32_1.17.0.201812190825/tools/compiler/bin/../lib/gcc/arm-none-eabi/7.3.1/../../../../arm-none-eabi/lib/thumb/v7-m\libc_nano.a(lib_a-impure.o)
 .ARM.attributes
                0x00000428       0x2d c:/ac6/systemworkbench/plugins/fr.ac6.mcu.externaltools.arm-none.win32_1.17.0.201812190825/tools/compiler/bin/../lib/gcc/arm-none-eabi/7.3.1/../../../../arm-none-eabi/lib/thumb/v7-m\libc_nano.a(lib_a-init.o)
 .ARM.attributes
                0x00000455       0x2d c:/ac6/systemworkbench/plugins/fr.ac6.mcu.externaltools.arm-none.win32_1.17.0.201812190825/tools/compiler/bin/../lib/gcc/arm-none-eabi/7.3.1/../../../../arm-none-eabi/lib/thumb/v7-m\libc_nano.a(lib_a-memset.o)
 .ARM.attributes
                0x00000482       0x2d c:/ac6/systemworkbench/plugins/fr.ac6.mcu.externaltools.arm-none.win32_1.17.0.201812190825/tools/compiler/bin/../lib/gcc/arm-none-eabi/7.3.1/../../../../arm-none-eabi/lib/thumb/v7-m\libc_nano.a(lib_a-sprintf.o)
 .ARM.attributes
                0x000004af       0x17 c:/ac6/systemworkbench/plugins/fr.ac6.mcu.externaltools.arm-none.win32_1.17.0.201812190825/tools/compiler/bin/../lib/gcc/arm-none-eabi/7.3.1/../../../../arm-none-eabi/lib/thumb/v7-m\libc_nano.a(lib_a-strlen.o)
 .ARM.attributes
                0x000004c6       0x2d c:/ac6/systemworkbench/plugins/fr.ac6.mcu.externaltools.arm-none.win32_1.17.0.201812190825/tools/compiler/bin/../lib/gcc/arm-none-eabi/7.3.1/../../../../arm-none-eabi/lib/thumb/v7-m\libc_nano.a(lib_a-nano-svfprintf.o)
 .ARM.attributes
                0x000004f3       0x2d c:/ac6/systemworkbench/plugins/fr.ac6.mcu.externaltools.arm-none.win32_1.17.0.201812190825/tools/compiler/bin/../lib/gcc/arm-none-eabi/7.3.1/../../../../arm-none-eabi/lib/thumb/v7-m\libc_nano.a(lib_a-nano-vfprintf_i.o)
 .ARM.attributes
                0x00000520       0x2d c:/ac6/systemworkbench/plugins/fr.ac6.mcu.externaltools.arm-none.win32_1.17.0.201812190825/tools/compiler/bin/../lib/gcc/arm-none-eabi/7.3.1/../../../../arm-none-eabi/lib/thumb/v7-m\libc_nano.a(lib_a-memchr-stub.o)
 .ARM.attributes
                0x0000054d       0x2d c:/ac6/systemworkbench/plugins/fr.ac6.mcu.externaltools.arm-none.win32_1.17.0.201812190825/tools/compiler/bin/../lib/gcc/arm-none-eabi/7.3.1/../../../../arm-none-eabi/lib/thumb/v7-m\libc_nano.a(lib_a-memcpy-stub.o)
 .ARM.attributes
                0x0000057a       0x2d c:/ac6/systemworkbench/plugins/fr.ac6.mcu.externaltools.arm-none.win32_1.17.0.201812190825/tools/compiler/bin/../lib/gcc/arm-none-eabi/7.3.1/../../../../arm-none-eabi/lib/thumb/v7-m\libc_nano.a(lib_a-memmove.o)
 .ARM.attributes
                0x000005a7       0x2d c:/ac6/systemworkbench/plugins/fr.ac6.mcu.externaltools.arm-none.win32_1.17.0.201812190825/tools/compiler/bin/../lib/gcc/arm-none-eabi/7.3.1/../../../../arm-none-eabi/lib/thumb/v7-m\libc_nano.a(lib_a-nano-freer.o)
 .ARM.attributes
                0x000005d4       0x2d c:/ac6/systemworkbench/plugins/fr.ac6.mcu.externaltools.arm-none.win32_1.17.0.201812190825/tools/compiler/bin/../lib/gcc/arm-none-eabi/7.3.1/../../../../arm-none-eabi/lib/thumb/v7-m\libc_nano.a(lib_a-nano-mallocr.o)
 .ARM.attributes
                0x00000601       0x2d c:/ac6/systemworkbench/plugins/fr.ac6.mcu.externaltools.arm-none.win32_1.17.0.201812190825/tools/compiler/bin/../lib/gcc/arm-none-eabi/7.3.1/../../../../arm-none-eabi/lib/thumb/v7-m\libc_nano.a(lib_a-nano-reallocr.o)
 .ARM.attributes
                0x0000062e       0x2d c:/ac6/systemworkbench/plugins/fr.ac6.mcu.externaltools.arm-none.win32_1.17.0.201812190825/tools/compiler/bin/../lib/gcc/arm-none-eabi/7.3.1/../../../../arm-none-eabi/lib/thumb/v7-m\libc_nano.a(lib_a-sbrkr.o)
 .ARM.attributes
                0x0000065b       0x2d c:/ac6/systemworkbench/plugins/fr.ac6.mcu.externaltools.arm-none.win32_1.17.0.201812190825/tools/compiler/bin/../lib/gcc/arm-none-eabi/7.3.1/../../../../arm-none-eabi/lib/thumb/v7-m\libc_nano.a(lib_a-mlock.o)
 .ARM.attributes
                0x00000688       0x2d c:/ac6/systemworkbench/plugins/fr.ac6.mcu.externaltools.arm-none.win32_1.17.0.201812190825/tools/compiler/bin/../lib/gcc/arm-none-eabi/7.3.1/../../../../arm-none-eabi/lib/thumb/v7-m\libc_nano.a(lib_a-nano-msizer.o)
 .ARM.attributes
                0x000006b5       0x2d c:/ac6/systemworkbench/plugins/fr.ac6.mcu.externaltools.arm-none.win32_1.17.0.201812190825/tools/compiler/bin/../lib/gcc/arm-none-eabi/7.3.1/../../../../arm-none-eabi/lib/thumb/v7-m\libc_nano.a(lib_a-reent.o)
 .ARM.attributes
                0x000006e2       0x1d c:/ac6/systemworkbench/plugins/fr.ac6.mcu.externaltools.arm-none.win32_1.17.0.201812190825/tools/compiler/bin/../lib/gcc/arm-none-eabi/7.3.1/thumb/v7-m/crtn.o
OUTPUT(temp_master.elf elf32-littlearm)

.debug_info     0x00000000     0xf3a5
 .debug_info    0x00000000      0x78c Drivers/STM32L1xx_HAL_Driver/Src/stm32l1xx_hal.o
 .debug_info    0x0000078c      0xead Drivers/STM32L1xx_HAL_Driver/Src/stm32l1xx_hal_cortex.o
 .debug_info    0x00001639      0x69b Drivers/STM32L1xx_HAL_Driver/Src/stm32l1xx_hal_gpio.o
 .debug_info    0x00001cd4      0xafc Drivers/STM32L1xx_HAL_Driver/Src/stm32l1xx_hal_rcc.o
 .debug_info    0x000027d0     0x1b16 Drivers/STM32L1xx_HAL_Driver/Src/stm32l1xx_hal_spi.o
 .debug_info    0x000042e6     0x3098 Drivers/STM32L1xx_HAL_Driver/Src/stm32l1xx_hal_tim.o
 .debug_info    0x0000737e      0x6bd Drivers/STM32L1xx_HAL_Driver/Src/stm32l1xx_hal_tim_ex.o
 .debug_info    0x00007a3b     0x16aa Drivers/STM32L1xx_HAL_Driver/Src/stm32l1xx_hal_uart.o
 .debug_info    0x000090e5      0x5af Src/gpio.o
 .debug_info    0x00009694     0x29b6 Src/main.o
 .debug_info    0x0000c04a      0x8f0 Src/spi.o
 .debug_info    0x0000c93a      0x290 Src/stm32l1xx_hal_msp.o
 .debug_info    0x0000cbca      0x25d Src/stm32l1xx_it.o
 .debug_info    0x0000ce27      0xfd3 Src/syscalls.o
 .debug_info    0x0000ddfa      0x478 Src/system_stm32l1xx.o
 .debug_info    0x0000e272      0x873 Src/tim.o
 .debug_info    0x0000eae5      0x89e Src/usart.o
 .debug_info    0x0000f383       0x22 startup/startup_stm32l152xb.o

.debug_abbrev   0x00000000     0x21f3
 .debug_abbrev  0x00000000      0x227 Drivers/STM32L1xx_HAL_Driver/Src/stm32l1xx_hal.o
 .debug_abbrev  0x00000227      0x328 Drivers/STM32L1xx_HAL_Driver/Src/stm32l1xx_hal_cortex.o
 .debug_abbrev  0x0000054f      0x1e7 Drivers/STM32L1xx_HAL_Driver/Src/stm32l1xx_hal_gpio.o
 .debug_abbrev  0x00000736      0x253 Drivers/STM32L1xx_HAL_Driver/Src/stm32l1xx_hal_rcc.o
 .debug_abbrev  0x00000989      0x238 Drivers/STM32L1xx_HAL_Driver/Src/stm32l1xx_hal_spi.o
 .debug_abbrev  0x00000bc1      0x224 Drivers/STM32L1xx_HAL_Driver/Src/stm32l1xx_hal_tim.o
 .debug_abbrev  0x00000de5      0x171 Drivers/STM32L1xx_HAL_Driver/Src/stm32l1xx_hal_tim_ex.o
 .debug_abbrev  0x00000f56      0x26e Drivers/STM32L1xx_HAL_Driver/Src/stm32l1xx_hal_uart.o
 .debug_abbrev  0x000011c4      0x16b Src/gpio.o
 .debug_abbrev  0x0000132f      0x3af Src/main.o
 .debug_abbrev  0x000016de      0x1c9 Src/spi.o
 .debug_abbrev  0x000018a7       0xef Src/stm32l1xx_hal_msp.o
 .debug_abbrev  0x00001996       0xe1 Src/stm32l1xx_it.o
 .debug_abbrev  0x00001a77      0x2d4 Src/syscalls.o
 .debug_abbrev  0x00001d4b      0x111 Src/system_stm32l1xx.o
 .debug_abbrev  0x00001e5c      0x1bc Src/tim.o
 .debug_abbrev  0x00002018      0x1c9 Src/usart.o
 .debug_abbrev  0x000021e1       0x12 startup/startup_stm32l152xb.o

.debug_loc      0x00000000     0x8169
 .debug_loc     0x00000000      0x17b Drivers/STM32L1xx_HAL_Driver/Src/stm32l1xx_hal.o
 .debug_loc     0x0000017b      0x5ce Drivers/STM32L1xx_HAL_Driver/Src/stm32l1xx_hal_cortex.o
 .debug_loc     0x00000749      0x3b6 Drivers/STM32L1xx_HAL_Driver/Src/stm32l1xx_hal_gpio.o
 .debug_loc     0x00000aff      0x55b Drivers/STM32L1xx_HAL_Driver/Src/stm32l1xx_hal_rcc.o
 .debug_loc     0x0000105a     0x1a23 Drivers/STM32L1xx_HAL_Driver/Src/stm32l1xx_hal_spi.o
 .debug_loc     0x00002a7d     0x36cd Drivers/STM32L1xx_HAL_Driver/Src/stm32l1xx_hal_tim.o
 .debug_loc     0x0000614a       0xbb Drivers/STM32L1xx_HAL_Driver/Src/stm32l1xx_hal_tim_ex.o
 .debug_loc     0x00006205     0x1575 Drivers/STM32L1xx_HAL_Driver/Src/stm32l1xx_hal_uart.o
 .debug_loc     0x0000777a      0x3c9 Src/main.o
 .debug_loc     0x00007b43       0x74 Src/spi.o
 .debug_loc     0x00007bb7      0x3af Src/syscalls.o
 .debug_loc     0x00007f66      0x18f Src/system_stm32l1xx.o
 .debug_loc     0x000080f5       0x74 Src/usart.o

.debug_aranges  0x00000000      0xce8
 .debug_aranges
                0x00000000       0xe0 Drivers/STM32L1xx_HAL_Driver/Src/stm32l1xx_hal.o
 .debug_aranges
                0x000000e0       0xa8 Drivers/STM32L1xx_HAL_Driver/Src/stm32l1xx_hal_cortex.o
 .debug_aranges
                0x00000188       0x58 Drivers/STM32L1xx_HAL_Driver/Src/stm32l1xx_hal_gpio.o
 .debug_aranges
                0x000001e0       0x90 Drivers/STM32L1xx_HAL_Driver/Src/stm32l1xx_hal_rcc.o
 .debug_aranges
                0x00000270      0x1d0 Drivers/STM32L1xx_HAL_Driver/Src/stm32l1xx_hal_spi.o
 .debug_aranges
                0x00000440      0x3a8 Drivers/STM32L1xx_HAL_Driver/Src/stm32l1xx_hal_tim.o
 .debug_aranges
                0x000007e8       0x28 Drivers/STM32L1xx_HAL_Driver/Src/stm32l1xx_hal_tim_ex.o
 .debug_aranges
                0x00000810      0x1d0 Drivers/STM32L1xx_HAL_Driver/Src/stm32l1xx_hal_uart.o
 .debug_aranges
                0x000009e0       0x20 Src/gpio.o
 .debug_aranges
                0x00000a00       0xd0 Src/main.o
 .debug_aranges
                0x00000ad0       0x30 Src/spi.o
 .debug_aranges
                0x00000b00       0x20 Src/stm32l1xx_hal_msp.o
 .debug_aranges
                0x00000b20       0x68 Src/stm32l1xx_it.o
 .debug_aranges
                0x00000b88       0xb0 Src/syscalls.o
 .debug_aranges
                0x00000c38       0x28 Src/system_stm32l1xx.o
 .debug_aranges
                0x00000c60       0x30 Src/tim.o
 .debug_aranges
                0x00000c90       0x30 Src/usart.o
 .debug_aranges
                0x00000cc0       0x28 startup/startup_stm32l152xb.o

.debug_ranges   0x00000000      0xc90
 .debug_ranges  0x00000000       0xd0 Drivers/STM32L1xx_HAL_Driver/Src/stm32l1xx_hal.o
 .debug_ranges  0x000000d0       0xf8 Drivers/STM32L1xx_HAL_Driver/Src/stm32l1xx_hal_cortex.o
 .debug_ranges  0x000001c8       0x48 Drivers/STM32L1xx_HAL_Driver/Src/stm32l1xx_hal_gpio.o
 .debug_ranges  0x00000210       0x98 Drivers/STM32L1xx_HAL_Driver/Src/stm32l1xx_hal_rcc.o
 .debug_ranges  0x000002a8      0x1c0 Drivers/STM32L1xx_HAL_Driver/Src/stm32l1xx_hal_spi.o
 .debug_ranges  0x00000468      0x398 Drivers/STM32L1xx_HAL_Driver/Src/stm32l1xx_hal_tim.o
 .debug_ranges  0x00000800       0x18 Drivers/STM32L1xx_HAL_Driver/Src/stm32l1xx_hal_tim_ex.o
 .debug_ranges  0x00000818      0x1c0 Drivers/STM32L1xx_HAL_Driver/Src/stm32l1xx_hal_uart.o
 .debug_ranges  0x000009d8       0x10 Src/gpio.o
 .debug_ranges  0x000009e8      0x108 Src/main.o
 .debug_ranges  0x00000af0       0x20 Src/spi.o
 .debug_ranges  0x00000b10       0x10 Src/stm32l1xx_hal_msp.o
 .debug_ranges  0x00000b20       0x58 Src/stm32l1xx_it.o
 .debug_ranges  0x00000b78       0xa0 Src/syscalls.o
 .debug_ranges  0x00000c18       0x18 Src/system_stm32l1xx.o
 .debug_ranges  0x00000c30       0x20 Src/tim.o
 .debug_ranges  0x00000c50       0x20 Src/usart.o
 .debug_ranges  0x00000c70       0x20 startup/startup_stm32l152xb.o

.debug_macro    0x00000000    0x15ea4
 .debug_macro   0x00000000      0x1d3 Drivers/STM32L1xx_HAL_Driver/Src/stm32l1xx_hal.o
 .debug_macro   0x000001d3      0xa60 Drivers/STM32L1xx_HAL_Driver/Src/stm32l1xx_hal.o
 .debug_macro   0x00000c33      0x112 Drivers/STM32L1xx_HAL_Driver/Src/stm32l1xx_hal.o
 .debug_macro   0x00000d45       0x2e Drivers/STM32L1xx_HAL_Driver/Src/stm32l1xx_hal.o
 .debug_macro   0x00000d73       0x22 Drivers/STM32L1xx_HAL_Driver/Src/stm32l1xx_hal.o
 .debug_macro   0x00000d95       0x22 Drivers/STM32L1xx_HAL_Driver/Src/stm32l1xx_hal.o
 .debug_macro   0x00000db7       0x8e Drivers/STM32L1xx_HAL_Driver/Src/stm32l1xx_hal.o
 .debug_macro   0x00000e45       0x51 Drivers/STM32L1xx_HAL_Driver/Src/stm32l1xx_hal.o
 .debug_macro   0x00000e96       0xef Drivers/STM32L1xx_HAL_Driver/Src/stm32l1xx_hal.o
 .debug_macro   0x00000f85       0x6a Drivers/STM32L1xx_HAL_Driver/Src/stm32l1xx_hal.o
 .debug_macro   0x00000fef      0x1df Drivers/STM32L1xx_HAL_Driver/Src/stm32l1xx_hal.o
 .debug_macro   0x000011ce       0x1c Drivers/STM32L1xx_HAL_Driver/Src/stm32l1xx_hal.o
 .debug_macro   0x000011ea       0x22 Drivers/STM32L1xx_HAL_Driver/Src/stm32l1xx_hal.o
 .debug_macro   0x0000120c       0xc3 Drivers/STM32L1xx_HAL_Driver/Src/stm32l1xx_hal.o
 .debug_macro   0x000012cf      0xe49 Drivers/STM32L1xx_HAL_Driver/Src/stm32l1xx_hal.o
 .debug_macro   0x00002118      0x11f Drivers/STM32L1xx_HAL_Driver/Src/stm32l1xx_hal.o
 .debug_macro   0x00002237     0xa659 Drivers/STM32L1xx_HAL_Driver/Src/stm32l1xx_hal.o
 .debug_macro   0x0000c890       0x43 Drivers/STM32L1xx_HAL_Driver/Src/stm32l1xx_hal.o
 .debug_macro   0x0000c8d3     0x3468 Drivers/STM32L1xx_HAL_Driver/Src/stm32l1xx_hal.o
 .debug_macro   0x0000fd3b      0x174 Drivers/STM32L1xx_HAL_Driver/Src/stm32l1xx_hal.o
 .debug_macro   0x0000feaf       0x4f Drivers/STM32L1xx_HAL_Driver/Src/stm32l1xx_hal.o
 .debug_macro   0x0000fefe      0xe38 Drivers/STM32L1xx_HAL_Driver/Src/stm32l1xx_hal.o
 .debug_macro   0x00010d36       0xbd Drivers/STM32L1xx_HAL_Driver/Src/stm32l1xx_hal.o
 .debug_macro   0x00010df3      0x13b Drivers/STM32L1xx_HAL_Driver/Src/stm32l1xx_hal.o
 .debug_macro   0x00010f2e       0xad Drivers/STM32L1xx_HAL_Driver/Src/stm32l1xx_hal.o
 .debug_macro   0x00010fdb      0x21e Drivers/STM32L1xx_HAL_Driver/Src/stm32l1xx_hal.o
 .debug_macro   0x000111f9      0x236 Drivers/STM32L1xx_HAL_Driver/Src/stm32l1xx_hal.o
 .debug_macro   0x0001142f      0x107 Drivers/STM32L1xx_HAL_Driver/Src/stm32l1xx_hal.o
 .debug_macro   0x00011536      0x281 Drivers/STM32L1xx_HAL_Driver/Src/stm32l1xx_hal.o
 .debug_macro   0x000117b7      0x1e9 Drivers/STM32L1xx_HAL_Driver/Src/stm32l1xx_hal.o
 .debug_macro   0x000119a0       0x22 Drivers/STM32L1xx_HAL_Driver/Src/stm32l1xx_hal.o
 .debug_macro   0x000119c2      0x217 Drivers/STM32L1xx_HAL_Driver/Src/stm32l1xx_hal.o
 .debug_macro   0x00011bd9      0x72d Drivers/STM32L1xx_HAL_Driver/Src/stm32l1xx_hal.o
 .debug_macro   0x00012306       0x59 Drivers/STM32L1xx_HAL_Driver/Src/stm32l1xx_hal.o
 .debug_macro   0x0001235f      0x287 Drivers/STM32L1xx_HAL_Driver/Src/stm32l1xx_hal.o
 .debug_macro   0x000125e6      0x3ce Drivers/STM32L1xx_HAL_Driver/Src/stm32l1xx_hal.o
 .debug_macro   0x000129b4      0x1af Drivers/STM32L1xx_HAL_Driver/Src/stm32l1xx_hal_cortex.o
 .debug_macro   0x00012b63      0x1e7 Drivers/STM32L1xx_HAL_Driver/Src/stm32l1xx_hal_gpio.o
 .debug_macro   0x00012d4a      0x1c1 Drivers/STM32L1xx_HAL_Driver/Src/stm32l1xx_hal_rcc.o
 .debug_macro   0x00012f0b      0x1b7 Drivers/STM32L1xx_HAL_Driver/Src/stm32l1xx_hal_spi.o
 .debug_macro   0x000130c2      0x1b0 Drivers/STM32L1xx_HAL_Driver/Src/stm32l1xx_hal_tim.o
 .debug_macro   0x00013272      0x1af Drivers/STM32L1xx_HAL_Driver/Src/stm32l1xx_hal_tim_ex.o
 .debug_macro   0x00013421      0x1b0 Drivers/STM32L1xx_HAL_Driver/Src/stm32l1xx_hal_uart.o
 .debug_macro   0x000135d1      0x1c8 Src/gpio.o
 .debug_macro   0x00013799       0x3a Src/gpio.o
 .debug_macro   0x000137d3      0x47f Src/main.o
 .debug_macro   0x00013c52       0x5e Src/main.o
 .debug_macro   0x00013cb0       0x18 Src/main.o
 .debug_macro   0x00013cc8       0x35 Src/main.o
 .debug_macro   0x00013cfd       0x34 Src/main.o
 .debug_macro   0x00013d31       0x58 Src/main.o
 .debug_macro   0x00013d89       0x1f Src/main.o
 .debug_macro   0x00013da8       0x43 Src/main.o
 .debug_macro   0x00013deb       0x20 Src/main.o
 .debug_macro   0x00013e0b      0x18e Src/main.o
 .debug_macro   0x00013f99      0x32a Src/main.o
 .debug_macro   0x000142c3       0x10 Src/main.o
 .debug_macro   0x000142d3       0x35 Src/main.o
 .debug_macro   0x00014308       0x1c Src/main.o
 .debug_macro   0x00014324       0x10 Src/main.o
 .debug_macro   0x00014334       0x10 Src/main.o
 .debug_macro   0x00014344       0x1c Src/main.o
 .debug_macro   0x00014360       0x52 Src/main.o
 .debug_macro   0x000143b2       0x40 Src/main.o
 .debug_macro   0x000143f2       0x10 Src/main.o
 .debug_macro   0x00014402       0x40 Src/main.o
 .debug_macro   0x00014442       0xd7 Src/main.o
 .debug_macro   0x00014519       0x1c Src/main.o
 .debug_macro   0x00014535       0x3d Src/main.o
 .debug_macro   0x00014572       0x16 Src/main.o
 .debug_macro   0x00014588      0x16f Src/main.o
 .debug_macro   0x000146f7      0x1c8 Src/spi.o
 .debug_macro   0x000148bf      0x1be Src/stm32l1xx_hal_msp.o
 .debug_macro   0x00014a7d      0x1c8 Src/stm32l1xx_it.o
 .debug_macro   0x00014c45      0x243 Src/syscalls.o
 .debug_macro   0x00014e88       0x58 Src/syscalls.o
 .debug_macro   0x00014ee0       0x94 Src/syscalls.o
 .debug_macro   0x00014f74       0x57 Src/syscalls.o
 .debug_macro   0x00014fcb      0x330 Src/syscalls.o
 .debug_macro   0x000152fb       0x10 Src/syscalls.o
 .debug_macro   0x0001530b       0x10 Src/syscalls.o
 .debug_macro   0x0001531b       0x10 Src/syscalls.o
 .debug_macro   0x0001532b       0x35 Src/syscalls.o
 .debug_macro   0x00015360      0x122 Src/syscalls.o
 .debug_macro   0x00015482       0x16 Src/syscalls.o
 .debug_macro   0x00015498       0x16 Src/syscalls.o
 .debug_macro   0x000154ae       0x29 Src/syscalls.o
 .debug_macro   0x000154d7       0x10 Src/syscalls.o
 .debug_macro   0x000154e7      0x241 Src/syscalls.o
 .debug_macro   0x00015728       0x10 Src/syscalls.o
 .debug_macro   0x00015738      0x189 Src/syscalls.o
 .debug_macro   0x000158c1       0x16 Src/syscalls.o
 .debug_macro   0x000158d7       0x88 Src/syscalls.o
 .debug_macro   0x0001595f      0x1b5 Src/system_stm32l1xx.o
 .debug_macro   0x00015b14      0x1c8 Src/tim.o
 .debug_macro   0x00015cdc      0x1c8 Src/usart.o

.debug_line     0x00000000     0xa35d
 .debug_line    0x00000000      0x895 Drivers/STM32L1xx_HAL_Driver/Src/stm32l1xx_hal.o
 .debug_line    0x00000895      0x900 Drivers/STM32L1xx_HAL_Driver/Src/stm32l1xx_hal_cortex.o
 .debug_line    0x00001195      0x810 Drivers/STM32L1xx_HAL_Driver/Src/stm32l1xx_hal_gpio.o
 .debug_line    0x000019a5      0xa19 Drivers/STM32L1xx_HAL_Driver/Src/stm32l1xx_hal_rcc.o
 .debug_line    0x000023be     0x10ef Drivers/STM32L1xx_HAL_Driver/Src/stm32l1xx_hal_spi.o
 .debug_line    0x000034ad     0x1660 Drivers/STM32L1xx_HAL_Driver/Src/stm32l1xx_hal_tim.o
 .debug_line    0x00004b0d      0x73e Drivers/STM32L1xx_HAL_Driver/Src/stm32l1xx_hal_tim_ex.o
 .debug_line    0x0000524b      0xfd8 Drivers/STM32L1xx_HAL_Driver/Src/stm32l1xx_hal_uart.o
 .debug_line    0x00006223      0x6b6 Src/gpio.o
 .debug_line    0x000068d9      0xaad Src/main.o
 .debug_line    0x00007386      0x6eb Src/spi.o
 .debug_line    0x00007a71      0x6ae Src/stm32l1xx_hal_msp.o
 .debug_line    0x0000811f      0x74f Src/stm32l1xx_it.o
 .debug_line    0x0000886e      0x5d1 Src/syscalls.o
 .debug_line    0x00008e3f      0x6d3 Src/system_stm32l1xx.o
 .debug_line    0x00009512      0x6e2 Src/tim.o
 .debug_line    0x00009bf4      0x6ec Src/usart.o
 .debug_line    0x0000a2e0       0x7d startup/startup_stm32l152xb.o

.debug_str      0x00000000    0x82868
 .debug_str     0x00000000    0x7a59c Drivers/STM32L1xx_HAL_Driver/Src/stm32l1xx_hal.o
                              0x7a8fd (size before relaxing)
 .debug_str     0x0007a59c      0x3da Drivers/STM32L1xx_HAL_Driver/Src/stm32l1xx_hal_cortex.o
                              0x7a9f7 (size before relaxing)
 .debug_str     0x0007a976      0x295 Drivers/STM32L1xx_HAL_Driver/Src/stm32l1xx_hal_gpio.o
                              0x7a501 (size before relaxing)
 .debug_str     0x0007ac0b      0x3c9 Drivers/STM32L1xx_HAL_Driver/Src/stm32l1xx_hal_rcc.o
                              0x7a6eb (size before relaxing)
 .debug_str     0x0007afd4      0x8e2 Drivers/STM32L1xx_HAL_Driver/Src/stm32l1xx_hal_spi.o
                              0x7ab59 (size before relaxing)
 .debug_str     0x0007b8b6      0xf2f Drivers/STM32L1xx_HAL_Driver/Src/stm32l1xx_hal_tim.o
                              0x7b3fe (size before relaxing)
 .debug_str     0x0007c7e5       0xc7 Drivers/STM32L1xx_HAL_Driver/Src/stm32l1xx_hal_tim_ex.o
                              0x7a667 (size before relaxing)
 .debug_str     0x0007c8ac      0x68d Drivers/STM32L1xx_HAL_Driver/Src/stm32l1xx_hal_uart.o
                              0x7ab9d (size before relaxing)
 .debug_str     0x0007cf39      0x11c Src/gpio.o
                              0x7a6c6 (size before relaxing)
 .debug_str     0x0007d055     0x4417 Src/main.o
                              0x7f388 (size before relaxing)
 .debug_str     0x0008146c       0x17 Src/spi.o
                              0x7a7cb (size before relaxing)
 .debug_str     0x00081483       0x1b Src/stm32l1xx_hal_msp.o
                              0x7a31d (size before relaxing)
 .debug_str     0x0008149e       0xc9 Src/stm32l1xx_it.o
                              0x7a38c (size before relaxing)
 .debug_str     0x00081567     0x122a Src/syscalls.o
                               0x8596 (size before relaxing)
 .debug_str     0x00082791       0x72 Src/system_stm32l1xx.o
                              0x7a2d8 (size before relaxing)
 .debug_str     0x00082803       0x1c Src/tim.o
                              0x7a83a (size before relaxing)
 .debug_str     0x0008281f       0x1a Src/usart.o
                              0x7a7bd (size before relaxing)
 .debug_str     0x00082839       0x2f startup/startup_stm32l152xb.o
                                 0x61 (size before relaxing)

.comment        0x00000000       0x7f
 .comment       0x00000000       0x7f Drivers/STM32L1xx_HAL_Driver/Src/stm32l1xx_hal.o
                                 0x80 (size before relaxing)
 .comment       0x0000007f       0x80 Drivers/STM32L1xx_HAL_Driver/Src/stm32l1xx_hal_cortex.o
 .comment       0x0000007f       0x80 Drivers/STM32L1xx_HAL_Driver/Src/stm32l1xx_hal_gpio.o
 .comment       0x0000007f       0x80 Drivers/STM32L1xx_HAL_Driver/Src/stm32l1xx_hal_rcc.o
 .comment       0x0000007f       0x80 Drivers/STM32L1xx_HAL_Driver/Src/stm32l1xx_hal_spi.o
 .comment       0x0000007f       0x80 Drivers/STM32L1xx_HAL_Driver/Src/stm32l1xx_hal_tim.o
 .comment       0x0000007f       0x80 Drivers/STM32L1xx_HAL_Driver/Src/stm32l1xx_hal_tim_ex.o
 .comment       0x0000007f       0x80 Drivers/STM32L1xx_HAL_Driver/Src/stm32l1xx_hal_uart.o
 .comment       0x0000007f       0x80 Src/gpio.o
 .comment       0x0000007f       0x80 Src/main.o
 .comment       0x0000007f       0x80 Src/spi.o
 .comment       0x0000007f       0x80 Src/stm32l1xx_hal_msp.o
 .comment       0x0000007f       0x80 Src/stm32l1xx_it.o
 .comment       0x0000007f       0x80 Src/syscalls.o
 .comment       0x0000007f       0x80 Src/system_stm32l1xx.o
 .comment       0x0000007f       0x80 Src/tim.o
 .comment       0x0000007f       0x80 Src/usart.o

.debug_frame    0x00000000     0x252c
 .debug_frame   0x00000000      0x1d0 Drivers/STM32L1xx_HAL_Driver/Src/stm32l1xx_hal.o
 .debug_frame   0x000001d0      0x15c Drivers/STM32L1xx_HAL_Driver/Src/stm32l1xx_hal_cortex.o
 .debug_frame   0x0000032c       0xd8 Drivers/STM32L1xx_HAL_Driver/Src/stm32l1xx_hal_gpio.o
 .debug_frame   0x00000404      0x194 Drivers/STM32L1xx_HAL_Driver/Src/stm32l1xx_hal_rcc.o
 .debug_frame   0x00000598      0x590 Drivers/STM32L1xx_HAL_Driver/Src/stm32l1xx_hal_spi.o
 .debug_frame   0x00000b28      0xa7c Drivers/STM32L1xx_HAL_Driver/Src/stm32l1xx_hal_tim.o
 .debug_frame   0x000015a4       0x40 Drivers/STM32L1xx_HAL_Driver/Src/stm32l1xx_hal_tim_ex.o
 .debug_frame   0x000015e4      0x4e8 Drivers/STM32L1xx_HAL_Driver/Src/stm32l1xx_hal_uart.o
 .debug_frame   0x00001acc       0x34 Src/gpio.o
 .debug_frame   0x00001b00      0x29c Src/main.o
 .debug_frame   0x00001d9c       0x60 Src/spi.o
 .debug_frame   0x00001dfc       0x28 Src/stm32l1xx_hal_msp.o
 .debug_frame   0x00001e24       0xc0 Src/stm32l1xx_it.o
 .debug_frame   0x00001ee4      0x1a8 Src/syscalls.o
 .debug_frame   0x0000208c       0x30 Src/system_stm32l1xx.o
 .debug_frame   0x000020bc       0x58 Src/tim.o
 .debug_frame   0x00002114       0x60 Src/usart.o
 .debug_frame   0x00002174       0x20 c:/ac6/systemworkbench/plugins/fr.ac6.mcu.externaltools.arm-none.win32_1.17.0.201812190825/tools/compiler/bin/../lib/gcc/arm-none-eabi/7.3.1/../../../../arm-none-eabi/lib/thumb/v7-m\libc_nano.a(lib_a-errno.o)
 .debug_frame   0x00002194       0x2c c:/ac6/systemworkbench/plugins/fr.ac6.mcu.externaltools.arm-none.win32_1.17.0.201812190825/tools/compiler/bin/../lib/gcc/arm-none-eabi/7.3.1/../../../../arm-none-eabi/lib/thumb/v7-m\libc_nano.a(lib_a-init.o)
 .debug_frame   0x000021c0       0x20 c:/ac6/systemworkbench/plugins/fr.ac6.mcu.externaltools.arm-none.win32_1.17.0.201812190825/tools/compiler/bin/../lib/gcc/arm-none-eabi/7.3.1/../../../../arm-none-eabi/lib/thumb/v7-m\libc_nano.a(lib_a-memset.o)
 .debug_frame   0x000021e0       0x6c c:/ac6/systemworkbench/plugins/fr.ac6.mcu.externaltools.arm-none.win32_1.17.0.201812190825/tools/compiler/bin/../lib/gcc/arm-none-eabi/7.3.1/../../../../arm-none-eabi/lib/thumb/v7-m\libc_nano.a(lib_a-sprintf.o)
 .debug_frame   0x0000224c       0x90 c:/ac6/systemworkbench/plugins/fr.ac6.mcu.externaltools.arm-none.win32_1.17.0.201812190825/tools/compiler/bin/../lib/gcc/arm-none-eabi/7.3.1/../../../../arm-none-eabi/lib/thumb/v7-m\libc_nano.a(lib_a-nano-svfprintf.o)
 .debug_frame   0x000022dc       0x60 c:/ac6/systemworkbench/plugins/fr.ac6.mcu.externaltools.arm-none.win32_1.17.0.201812190825/tools/compiler/bin/../lib/gcc/arm-none-eabi/7.3.1/../../../../arm-none-eabi/lib/thumb/v7-m\libc_nano.a(lib_a-nano-vfprintf_i.o)
 .debug_frame   0x0000233c       0x28 c:/ac6/systemworkbench/plugins/fr.ac6.mcu.externaltools.arm-none.win32_1.17.0.201812190825/tools/compiler/bin/../lib/gcc/arm-none-eabi/7.3.1/../../../../arm-none-eabi/lib/thumb/v7-m\libc_nano.a(lib_a-memchr-stub.o)
 .debug_frame   0x00002364       0x28 c:/ac6/systemworkbench/plugins/fr.ac6.mcu.externaltools.arm-none.win32_1.17.0.201812190825/tools/compiler/bin/../lib/gcc/arm-none-eabi/7.3.1/../../../../arm-none-eabi/lib/thumb/v7-m\libc_nano.a(lib_a-memcpy-stub.o)
 .debug_frame   0x0000238c       0x28 c:/ac6/systemworkbench/plugins/fr.ac6.mcu.externaltools.arm-none.win32_1.17.0.201812190825/tools/compiler/bin/../lib/gcc/arm-none-eabi/7.3.1/../../../../arm-none-eabi/lib/thumb/v7-m\libc_nano.a(lib_a-memmove.o)
 .debug_frame   0x000023b4       0x38 c:/ac6/systemworkbench/plugins/fr.ac6.mcu.externaltools.arm-none.win32_1.17.0.201812190825/tools/compiler/bin/../lib/gcc/arm-none-eabi/7.3.1/../../../../arm-none-eabi/lib/thumb/v7-m\libc_nano.a(lib_a-nano-freer.o)
 .debug_frame   0x000023ec       0x2c c:/ac6/systemworkbench/plugins/fr.ac6.mcu.externaltools.arm-none.win32_1.17.0.201812190825/tools/compiler/bin/../lib/gcc/arm-none-eabi/7.3.1/../../../../arm-none-eabi/lib/thumb/v7-m\libc_nano.a(lib_a-nano-mallocr.o)
 .debug_frame   0x00002418       0x3c c:/ac6/systemworkbench/plugins/fr.ac6.mcu.externaltools.arm-none.win32_1.17.0.201812190825/tools/compiler/bin/../lib/gcc/arm-none-eabi/7.3.1/../../../../arm-none-eabi/lib/thumb/v7-m\libc_nano.a(lib_a-nano-reallocr.o)
 .debug_frame   0x00002454       0x2c c:/ac6/systemworkbench/plugins/fr.ac6.mcu.externaltools.arm-none.win32_1.17.0.201812190825/tools/compiler/bin/../lib/gcc/arm-none-eabi/7.3.1/../../../../arm-none-eabi/lib/thumb/v7-m\libc_nano.a(lib_a-sbrkr.o)
 .debug_frame   0x00002480       0x30 c:/ac6/systemworkbench/plugins/fr.ac6.mcu.externaltools.arm-none.win32_1.17.0.201812190825/tools/compiler/bin/../lib/gcc/arm-none-eabi/7.3.1/../../../../arm-none-eabi/lib/thumb/v7-m\libc_nano.a(lib_a-mlock.o)
 .debug_frame   0x000024b0       0x20 c:/ac6/systemworkbench/plugins/fr.ac6.mcu.externaltools.arm-none.win32_1.17.0.201812190825/tools/compiler/bin/../lib/gcc/arm-none-eabi/7.3.1/../../../../arm-none-eabi/lib/thumb/v7-m\libc_nano.a(lib_a-nano-msizer.o)
 .debug_frame   0x000024d0       0x5c c:/ac6/systemworkbench/plugins/fr.ac6.mcu.externaltools.arm-none.win32_1.17.0.201812190825/tools/compiler/bin/../lib/gcc/arm-none-eabi/7.3.1/../../../../arm-none-eabi/lib/thumb/v7-m\libc_nano.a(lib_a-reent.o)
